I'm sorry, but errors were detected in your script. Please correct the
errors listed below, and try again.


File "game/script.rpy", line 346: end of line expected.
    jump to altroute2
            ^

Ren'Py Version: Ren'Py 7.4.11.2266
Mon Apr 25 03:31:02 2022
